// Jest Snapshot v1, https://goo.gl/fbAQLP

exports[`No Claims component should match the snapshot 1`] = `
<div>
  <div
    class="MuiBox-root MuiBox-root-2"
  >
    <div
      class="MuiBox-root MuiBox-root-3"
    >
      <div
        type="style-1"
      >
        Dummy Typography
      </div>
    </div>
    <div
      class="MuiBox-root MuiBox-root-4"
    >
      <button
        class="MuiButtonBase-root MuiButton-root MuiButton-contained MuiButton-containedPrimary"
        data-testid="btn-make-claim"
        tabindex="0"
        type="button"
      >
        <span
          class="MuiButton-label"
        >
          Make a claim
        </span>
        <span
          class="MuiTouchRipple-root"
        />
      </button>
    </div>
  </div>
</div>
`;
