// Jest Snapshot v1, https://goo.gl/fbAQLP

exports[`ForgotPasswordForm Component should match the snapshot 1`] = `
<div>
  <form
    autocomplete="off"
  >
    <div
      class="MuiBox-root MuiBox-root-2"
    >
      <div
        class="MuiFormControl-root MuiFormControl-fullWidth"
        data-testid="input-resetEmail"
      >
        <label
          class="MuiFormLabel-root MuiInputLabel-root MuiInputLabel-formControl MuiInputLabel-animated MuiInputLabel-outlined"
          data-shrink="false"
          for="input-email"
        >
          Your company email
        </label>
        <div
          class="MuiInputBase-root MuiOutlinedInput-root MuiInputBase-formControl"
          label="Your company email"
        >
          <input
            aria-describedby="helptext-email"
            aria-invalid="false"
            class="MuiInputBase-input MuiOutlinedInput-input"
            id="input-email"
            type="text"
            value=""
          />
          <fieldset
            aria-hidden="true"
            class="PrivateNotchedOutline-root-61 MuiOutlinedInput-notchedOutline"
            style="padding-left: 8px;"
          >
            <legend
              class="PrivateNotchedOutline-legend-62"
              style="width: 0.01px;"
            >
              <span>
                ​
              </span>
            </legend>
          </fieldset>
        </div>
        <div
          aria-live="polite"
        />
      </div>
    </div>
    <div
      data-inverse="true"
    >
      <span>
        Button Group Component
      </span>
      <button
        class="MuiButtonBase-root MuiButton-root MuiButton-contained MuiButton-containedPrimary"
        data-testid="btn-resetPassword"
        tabindex="0"
        type="submit"
      >
        <span
          class="MuiButton-label"
        >
          Reset password
        </span>
        <span
          class="MuiTouchRipple-root"
        />
      </button>
      <button
        class="MuiButtonBase-root MuiButton-root MuiButton-outlined MuiButton-outlinedSecondary"
        data-testid="btn-back"
        tabindex="0"
        type="button"
      >
        <span
          class="MuiButton-label"
        >
          Back
        </span>
        <span
          class="MuiTouchRipple-root"
        />
      </button>
    </div>
  </form>
</div>
`;
