// Jest Snapshot v1, https://goo.gl/fbAQLP

exports[`Forgot Password Header Component should match the snapshot 1`] = `
<div>
  <div
    class="MuiBox-root MuiBox-root-2"
  >
    <div
      type="style-1"
    >
      Typography Component
    </div>
  </div>
  <div
    type="style-6"
  >
    Typography Component
  </div>
</div>
`;
