// Jest Snapshot v1, https://goo.gl/fbAQLP

exports[`Forgot Password Success Cendol Component should match the snapshot with no back to login button 1`] = `
<div>
  <div
    class="MuiBox-root MuiBox-root-2"
  >
    <div
      class="MuiTypography-root makeStyles-root-3 makeStyles-root-4 MuiTypography-body1"
    >
      Check your email
    </div>
  </div>
  <div
    class="MuiBox-root MuiBox-root-35"
  >
    <div
      class="MuiTypography-root makeStyles-root-36 makeStyles-root-37 MuiTypography-body1"
    >
      We've sent the reset password link to test@email. If you don't see the email, check your junk or spam folders.
    </div>
  </div>
  <div
    class="MuiBox-root MuiBox-root-38"
  >
    <div
      class="MuiBox-root MuiBox-root-41 makeStyles-root-39 makeStyles-root-40"
      classes="[object Object]"
    >
      <button
        class="MuiButtonBase-root MuiButton-root MuiButton-outlined MuiButton-outlinedSecondary"
        data-testid="btn-resend-link"
        tabindex="0"
        type="button"
      >
        <span
          class="MuiButton-label"
        >
          Resend Link
        </span>
        <span
          class="MuiTouchRipple-root"
        />
      </button>
    </div>
  </div>
</div>
`;
