// Jest Snapshot v1, https://goo.gl/fbAQLP

exports[`Forgot Password Component should match snapshot 1`] = `
<div>
  <div>
    Header Component
  </div>
  <div>
    <span>
      Forgot Password Form Component
    </span>
    <span
      data-id="props"
    >
      forgotPassword = function mockConstructor() {
        return fn.apply(this, arguments);
      }
    </span>
  </div>
</div>
`;

exports[`Forgot Password Component should match snapshot 2`] = `
<div>
  <div>
    Header Component
  </div>
  <div>
    <span>
      Forgot Password Form Component
    </span>
    <span
      data-id="props"
    >
      forgotPassword = function mockConstructor() {
        return fn.apply(this, arguments);
      }
    </span>
  </div>
</div>
`;
