// Jest Snapshot v1, https://goo.gl/fbAQLP

exports[`Reset Password Success Component should match the snapshot 1`] = `
<div>
  <div
    class="MuiBox-root MuiBox-root-2"
  >
    <div
      class="MuiTypography-root makeStyles-root-3 makeStyles-root-4 MuiTypography-body1"
    >
      Password changed successfully
    </div>
  </div>
  <div
    class="MuiBox-root MuiBox-root-35"
  >
    <div
      class="MuiTypography-root makeStyles-root-36 makeStyles-root-37 MuiTypography-body1"
    >
      You can login to app with your new credentials
    </div>
  </div>
  <div
    class="MuiBox-root MuiBox-root-38"
  >
    <button
      class="MuiButtonBase-root MuiButton-root MuiButton-contained MuiButton-containedPrimary"
      data-testid="btn-back-to-login"
      tabindex="0"
      type="button"
    >
      <span
        class="MuiButton-label"
      >
        Back to log in
      </span>
      <span
        class="MuiTouchRipple-root"
      />
    </button>
  </div>
</div>
`;
