// Jest Snapshot v1, https://goo.gl/fbAQLP

exports[`PaymentMethods Component should match snapshot when wallet is inSufficient 1`] = `
<div>
  <div
    class="MuiBox-root MuiBox-root-3 makeStyles-error-1"
  >
    <div
      class="MuiBox-root MuiBox-root-4"
    >
      <svg
        aria-hidden="true"
        class="MuiSvgIcon-root"
        focusable="false"
        role="presentation"
        size="24"
        style="width: 1.125rem; height: 1.125rem;"
        viewBox="0 0 18 18"
      >
        <path
          d="M8.30911 1.68243L0.109113 15.8004C-0.199887 16.3324 0.184113 17.0004 0.800113 17.0004H17.2001C17.8161 17.0004 18.2001 16.3324 17.8911 15.8004L9.69111 1.68243C9.38311 1.15143 8.61711 1.15143 8.30911 1.68243Z"
          fill="#A8000B"
        />
        <path
          d="M9.89997 5H8.09998V11H9.89997V5Z"
          fill="white"
        />
        <path
          d="M9 14.826C9.69036 14.826 10.25 14.2663 10.25 13.576C10.25 12.8856 9.69036 12.326 9 12.326C8.30964 12.326 7.75 12.8856 7.75 13.576C7.75 14.2663 8.30964 14.826 9 14.826Z"
          fill="white"
        />
      </svg>
    </div>
    <div
      class="MuiTypography-root makeStyles-root-14 makeStyles-root-15 MuiTypography-body1"
    >
      Insufficient wallet balance. Please select another item.
    </div>
  </div>
  <div
    class="MuiBox-root MuiBox-root-46"
  >
    <div
      class="MuiBox-root MuiBox-root-47"
    >
      <div
        class="MuiBox-root MuiBox-root-48"
      >
        <svg
          aria-hidden="true"
          class="MuiSvgIcon-root"
          focusable="false"
          role="presentation"
          viewBox="0 0 24 18"
        >
          <path
            d="M0 0.333496V17.6668H24V0.333496H0ZM1.66533 1.99883H11.2V3.95483C9.60933 4.2415 8.58667 5.3015 8.58667 6.78283C8.58667 8.77483 10.376 9.3295 11.332 9.62683L12.1813 9.8975L12.1867 9.90016C13.4627 10.2962 13.812 10.5802 13.812 11.2175C13.812 12.4362 12.36 12.5308 11.9147 12.5308C10.204 12.5308 10.192 11.6628 10.188 11.3762L8.58667 11.4002C8.608 12.8775 9.59067 13.8628 11.1987 14.0828V16.0015H1.66533V1.99883ZM22.3347 16.0015H12.8V14.0455C14.3907 13.7588 15.412 12.6988 15.412 11.2175C15.412 9.2255 13.6227 8.67083 12.6613 8.37083L11.812 8.10016C10.536 7.70416 10.1867 7.42016 10.1867 6.78283C10.1867 5.56416 11.6387 5.4695 12.084 5.4695C13.7947 5.4695 13.8067 6.3375 13.8107 6.62416L15.4107 6.60016C15.392 5.12283 14.4093 4.13883 12.8 3.9175V1.99883H22.3347V16.0015Z"
            fill="#333333"
          />
        </svg>
      </div>
      <div
        class="MuiTypography-root makeStyles-root-49 makeStyles-root-50 MuiTypography-body1"
      >
        Pay from wallet
      </div>
    </div>
    <div
      class="MuiTypography-root makeStyles-root-51 makeStyles-root-52 MuiTypography-body1"
    >
      IDR 700
    </div>
  </div>
  <div
    class="MuiBox-root MuiBox-root-53"
  >
    <div
      class="MuiBox-root MuiBox-root-54"
    >
      <div
        class="MuiBox-root MuiBox-root-55"
      >
        <svg
          aria-hidden="true"
          class="MuiSvgIcon-root"
          focusable="false"
          role="presentation"
          viewBox="0 0 24 24"
        >
          <path
            d="M22 8H2C0.9 8 0 8.9 0 10V22C0 23.1 0.9 24 2 24H22C23.1 24 24 23.1 24 22V10C24 8.9 23.1 8 22 8ZM22.4 22C22.4 22.2173 22.2173 22.4 22 22.4H2C1.78267 22.4 1.6 22.2173 1.6 22V13.6H22.4V22ZM22.4 12H1.6V10C1.6 9.78267 1.78267 9.6 2 9.6H22C22.2173 9.6 22.4 9.78267 22.4 10V12ZM20 16H16V17.6H20V16ZM17.4 1.628C17.4467 1.60933 17.496 1.6 17.5453 1.6C17.6827 1.6 17.852 1.67733 17.9213 1.84933L19.76 6.4H21.4853L19.404 1.25067C19.0907 0.473333 18.3373 0 17.5453 0C17.2973 0 17.0453 0.0466667 16.8013 0.145333L1.31733 6.4H5.58933L17.4 1.628Z"
            fill="black"
          />
        </svg>
      </div>
      <div
        class="MuiTypography-root makeStyles-root-56 makeStyles-root-57 MuiTypography-body1"
      >
        Top up by credit card
      </div>
    </div>
    <div
      class="MuiTypography-root makeStyles-root-58 makeStyles-root-59 MuiTypography-body1"
    >
      SGD 0.029
    </div>
  </div>
  <fieldset
    class="MuiFormControl-root"
  >
    <div
      class="MuiFormGroup-root"
      data-testid="instruments-group"
      role="radiogroup"
    >
      <label
        class="MuiFormControlLabel-root"
      >
        <span
          aria-disabled="false"
          class="MuiButtonBase-root MuiIconButton-root PrivateSwitchBase-root-77 MuiRadio-root MuiRadio-colorSecondary MuiIconButton-colorSecondary"
        >
          <span
            class="MuiIconButton-label"
          >
            <input
              class="PrivateSwitchBase-input-80"
              name="select-card"
              type="radio"
              value="1"
            />
            <div
              class="PrivateRadioButtonIcon-root-93"
            >
              <svg
                aria-hidden="true"
                class="MuiSvgIcon-root"
                focusable="false"
                role="presentation"
                viewBox="0 0 24 24"
              >
                <path
                  d="M12 2C6.48 2 2 6.48 2 12s4.48 10 10 10 10-4.48 10-10S17.52 2 12 2zm0 18c-4.42 0-8-3.58-8-8s3.58-8 8-8 8 3.58 8 8-3.58 8-8 8z"
                />
              </svg>
              <svg
                aria-hidden="true"
                class="MuiSvgIcon-root PrivateRadioButtonIcon-layer-94"
                focusable="false"
                role="presentation"
                viewBox="0 0 24 24"
              >
                <path
                  d="M8.465 8.465C9.37 7.56 10.62 7 12 7C14.76 7 17 9.24 17 12C17 13.38 16.44 14.63 15.535 15.535C14.63 16.44 13.38 17 12 17C9.24 17 7 14.76 7 12C7 10.62 7.56 9.37 8.465 8.465Z"
                />
              </svg>
            </div>
          </span>
          <span
            class="MuiTouchRipple-root"
          />
        </span>
        <span
          class="MuiTypography-root MuiFormControlLabel-label MuiTypography-body1"
        >
          **** **** ****  0008
        </span>
      </label>
      <label
        class="MuiFormControlLabel-root"
      >
        <span
          aria-disabled="false"
          class="MuiButtonBase-root MuiIconButton-root PrivateSwitchBase-root-77 MuiRadio-root MuiRadio-colorSecondary MuiIconButton-colorSecondary"
        >
          <span
            class="MuiIconButton-label"
          >
            <input
              class="PrivateSwitchBase-input-80"
              name="select-card"
              type="radio"
              value="ADD_NEW_CARD"
            />
            <div
              class="PrivateRadioButtonIcon-root-93"
            >
              <svg
                aria-hidden="true"
                class="MuiSvgIcon-root"
                focusable="false"
                role="presentation"
                viewBox="0 0 24 24"
              >
                <path
                  d="M12 2C6.48 2 2 6.48 2 12s4.48 10 10 10 10-4.48 10-10S17.52 2 12 2zm0 18c-4.42 0-8-3.58-8-8s3.58-8 8-8 8 3.58 8 8-3.58 8-8 8z"
                />
              </svg>
              <svg
                aria-hidden="true"
                class="MuiSvgIcon-root PrivateRadioButtonIcon-layer-94"
                focusable="false"
                role="presentation"
                viewBox="0 0 24 24"
              >
                <path
                  d="M8.465 8.465C9.37 7.56 10.62 7 12 7C14.76 7 17 9.24 17 12C17 13.38 16.44 14.63 15.535 15.535C14.63 16.44 13.38 17 12 17C9.24 17 7 14.76 7 12C7 10.62 7.56 9.37 8.465 8.465Z"
                />
              </svg>
            </div>
          </span>
          <span
            class="MuiTouchRipple-root"
          />
        </span>
        <span
          class="MuiTypography-root MuiFormControlLabel-label MuiTypography-body1"
        >
          New card
        </span>
      </label>
    </div>
  </fieldset>
</div>
`;

exports[`PaymentMethods Component should match snapshot when wallet is sufficient 1`] = `
<div>
  <div
    class="MuiBox-root MuiBox-root-108"
  >
    <div
      class="MuiBox-root MuiBox-root-109"
    >
      <div
        class="MuiBox-root MuiBox-root-110"
      >
        <svg
          aria-hidden="true"
          class="MuiSvgIcon-root"
          focusable="false"
          role="presentation"
          viewBox="0 0 24 18"
        >
          <path
            d="M0 0.333496V17.6668H24V0.333496H0ZM1.66533 1.99883H11.2V3.95483C9.60933 4.2415 8.58667 5.3015 8.58667 6.78283C8.58667 8.77483 10.376 9.3295 11.332 9.62683L12.1813 9.8975L12.1867 9.90016C13.4627 10.2962 13.812 10.5802 13.812 11.2175C13.812 12.4362 12.36 12.5308 11.9147 12.5308C10.204 12.5308 10.192 11.6628 10.188 11.3762L8.58667 11.4002C8.608 12.8775 9.59067 13.8628 11.1987 14.0828V16.0015H1.66533V1.99883ZM22.3347 16.0015H12.8V14.0455C14.3907 13.7588 15.412 12.6988 15.412 11.2175C15.412 9.2255 13.6227 8.67083 12.6613 8.37083L11.812 8.10016C10.536 7.70416 10.1867 7.42016 10.1867 6.78283C10.1867 5.56416 11.6387 5.4695 12.084 5.4695C13.7947 5.4695 13.8067 6.3375 13.8107 6.62416L15.4107 6.60016C15.392 5.12283 14.4093 4.13883 12.8 3.9175V1.99883H22.3347V16.0015Z"
            fill="#333333"
          />
        </svg>
      </div>
      <div
        class="MuiTypography-root makeStyles-root-120 makeStyles-root-121 MuiTypography-body1"
      >
        Pay from wallet
      </div>
    </div>
    <div
      class="MuiTypography-root makeStyles-root-152 makeStyles-root-153 MuiTypography-body1"
    >
      IDR 700
    </div>
  </div>
</div>
`;
