// Jest Snapshot v1, https://goo.gl/fbAQLP

exports[`ReviewClaimHeader Component should match the snapshot 1`] = `
<div>
  <div
    class="MuiBox-root MuiBox-root-2"
  >
    <div
      class="MuiBox-root MuiBox-root-3"
    >
      <div
        type="style-1"
      >
        Review claim
      </div>
    </div>
  </div>
</div>
`;
